[15:30:20] [main/INFO] (FabricLoader/GameProvider) Loading Minecraft 1.21.1 with Fabric Loader 0.17.3
[15:30:21] [ForkJoinPool-1-worker-1/WARN] (FabricLoader/Metadata) Mod hbs_ore_cluster_and_regen uses the version unspecified which isn't compatible with Loader's extended semantic version format (Could not parse version number component 'unspecified'!), SemVer is recommended for reliably evaluating dependencies and prioritizing newer version
[15:30:21] [main/INFO] (FabricLoader) Loading 45 mods:
	- balm 21.0.55
	- fabric-api 0.116.6+1.21.1
	- fabric-api-base 0.4.43+1bb677a619
	- fabric-api-lookup-api-v1 1.6.71+b559734419
	- fabric-biome-api-v1 13.0.31+d527f9fd19
	- fabric-block-api-v1 1.1.0+0bc3503219
	- fabric-block-view-api-v2 1.0.11+1bb677a619
	- fabric-command-api-v1 1.2.49+f71b366f19
	- fabric-command-api-v2 2.2.28+6ced4dd919
	- fabric-commands-v0 0.2.66+df3654b319
	- fabric-content-registries-v0 8.0.19+b559734419
	- fabric-convention-tags-v1 2.1.5+7f945d5b19
	- fabric-convention-tags-v2 2.11.1+a406e79519
	- fabric-crash-report-info-v1 0.2.29+0af3f5a719
	- fabric-data-attachment-api-v1 1.4.5+6116a37819
	- fabric-data-generation-api-v1 20.2.33+37516cd619
	- fabric-dimensions-v1 4.0.1+65213ef819
	- fabric-entity-events-v1 1.8.0+2b27e0a419
	- fabric-events-interaction-v0 0.7.13+ba9dae0619
	- fabric-game-rule-api-v1 1.0.53+6ced4dd919
	- fabric-gametest-api-v1 2.0.5+6fc22b9919
	- fabric-item-api-v1 11.2.0+3b3cb2e819
	- fabric-item-group-api-v1 4.1.7+def88e3a19
	- fabric-lifecycle-events-v1 2.6.0+0865547519
	- fabric-loot-api-v2 3.0.15+3f89f5a519
	- fabric-loot-api-v3 1.0.3+3f89f5a519
	- fabric-message-api-v1 6.0.14+8aaf3aca19
	- fabric-networking-api-v1 4.3.0+c7469b2119
	- fabric-object-builder-api-v1 15.2.1+40875a9319
	- fabric-particles-v1 4.0.2+6573ed8c19
	- fabric-recipe-api-v1 5.0.14+248df81c19
	- fabric-registry-sync-v0 5.3.1+e3eddc2119
	- fabric-rendering-data-attachment-v1 0.3.49+73761d2e19
	- fabric-rendering-fluids-v1 3.1.6+1daea21519
	- fabric-resource-conditions-api-v1 4.3.0+8dc279b119
	- fabric-resource-loader-v0 2.0.0+1bb677a619
	- fabric-screen-handler-api-v1 1.3.90+b559734419
	- fabric-transfer-api-v1 5.4.3+c24bd99419
	- fabric-transitive-access-wideners-v1 6.2.0+45b9699719
	- fabricloader 0.17.3
	- hbs_foundation 1.7.3-SNAPSHOT
	- hbs_ore_cluster_and_regen unspecified
	- java 21
	- minecraft 1.21.1
	- mixinextras 0.5.0
[15:30:21] [main/INFO] (FabricLoader/Mixin) SpongePowered MIXIN Subsystem Version=0.8.7 Source=file:/C:/Users/jack/.gradle/caches/modules-2/files-2.1/net.fabricmc/sponge-mixin/0.16.5+mixin.0.8.7/80fc3a9f592673cea87f4cd702f87991c6c9fe4d/sponge-mixin-0.16.5+mixin.0.8.7.jar Service=Knot/Fabric Env=SERVER
[15:30:21] [main/INFO] (FabricLoader/Mixin) Loaded Fabric development mappings for mixin remapper!
[15:30:21] [main/INFO] (FabricLoader/Mixin) Compatibility level set to JAVA_17
[15:30:21] [main/INFO] (FabricLoader/Mixin) Compatibility level set to JAVA_21
[15:30:22] [main/INFO] (FabricLoader/MixinExtras|Service) Initializing MixinExtras via com.llamalad7.mixinextras.service.MixinExtrasServiceImpl(version=0.5.0).
[15:30:31] [main/INFO] (LoggerBase) [HB's Foundation] ( 010000 ): --------COM.HOLYBUCKETS.FOUNDATION.EVENT.EVENTREGISTRAR INITIALIZED --------
[15:30:31] [main/INFO] (LoggerBase) [HB's Foundation] ( 000000 ): --------COM.HOLYBUCKETS.FOUNDATION.GENERALCONFIG INITIALIZED --------
[15:30:31] [main/INFO] (HB's Ore Clusters and Regen) Hello to HB's Ore Clusters and Regen!
[15:30:31] [main/INFO] (HB's Foundation) Loaded HB's Foundation mod on Fabric! we are currently in a development environment!
[15:30:31] [main/INFO] (HB's Foundation) Hello to HB's Foundation!
[15:30:32] [main/INFO] (Minecraft) Environment: Environment[sessionHost=https://sessionserver.mojang.com, servicesHost=https://api.minecraftservices.com, name=PROD]
[15:30:34] [Worker-Main-3/INFO] (LoggerBase) [HB's Foundation] ( 011001 ): Registering Commands 21
[15:30:34] [Worker-Main-3/INFO] (LoggerBase) [HB's Foundation] ( 011002 ): Finished Registering Commands 21
[15:30:34] [Worker-Main-3/INFO] (LoggerBase) [HB's Foundation] ( 011001 ): Registering Commands 21
[15:30:34] [Worker-Main-3/INFO] (LoggerBase) [HB's Foundation] ( 011002 ): Finished Registering Commands 21
[15:30:34] [main/INFO] (Minecraft) Loaded 1290 recipes
[15:30:34] [main/INFO] (Minecraft) Loaded 1399 advancements
[15:30:35] [main/INFO] (BiomeModificationImpl) Applied 0 biome modifications to 0 of 64 new biomes in 1.308 ms
[15:30:35] [Server thread/INFO] (LoggerBase) [HB's Foundation] ( 010001 ): World Seed: 3736412718236335492
[15:30:35] [Server thread/INFO] (LoggerBase) [HB's Ore Clusters and Regen] ( 004014 ): OreClusterConfigModel for Block{hbs_foundation:empty_block} has been created with the following properties: 
{"oreClusterType":"hbs_foundation:empty_block","oreClusterSpawnRate":16,"oreClusterDimensionId":"minecraft:overworld","biomeWhitelist":[],"biomeBlacklist":[],"oreClusterVolume":"8x8x4","oreClusterDensity":1.0,"oreClusterShape":"any","oreClusterMaxYLevelSpawn":256,"oreClusterMinYLevelSpawn":-64000,"minChunksBetweenOreClusters":0,"oreVeinModifier":1.0,"oreClusterNonReplaceableBlocks":"minecraft:bedrock, minecraft:end_portal_frame","oreClusterReplaceableEmptyBlocks":"hbs_foundation:empty_block","oreClusterDoesRegenerate":true}


[15:30:35] [Server thread/INFO] (LoggerBase) [HB's Ore Clusters and Regen] ( 004014 ): OreClusterConfigModel for Block{minecraft:iron_ore} has been created with the following properties: 
{"oreClusterType":"minecraft:iron_ore","oreClusterSpawnRate":8,"oreClusterDimensionId":"minecraft:overworld","biomeWhitelist":["minecraft:forest","minecraft:sunflower_plains","minecraft:taiga","minecraft:wooded_mountains","minecraft:birch_forest","minecraft:flower_forest","minecraft:old_growth_birch_forest","minecraft:snowy_taiga","minecraft:plains","minecraft:dark_forest","minecraft:old_growth_pine_taiga","minecraft:old_growth_spruce_taiga","minecraft:wooded_hills","minecraft:snowy_tundra","minecraft:snowy_mountains"],"biomeBlacklist":[],"oreClusterVolume":"16x12x16","oreClusterDensity":0.25,"oreClusterShape":"any","oreClusterMaxYLevelSpawn":64,"oreClusterMinYLevelSpawn":-64000,"minChunksBetweenOreClusters":0,"oreVeinModifier":1.0,"oreClusterNonReplaceableBlocks":"minecraft:dirt, minecraft:grass_block, minecraft:bedrock, minecraft:end_portal_frame","oreClusterReplaceableEmptyBlocks":"hbs_foundation:empty_block","oreClusterDoesRegenerate":true}


[15:30:35] [Server thread/INFO] (LoggerBase) [HB's Ore Clusters and Regen] ( 004014 ): OreClusterConfigModel for Block{minecraft:coal_ore} has been created with the following properties: 
{"oreClusterType":"minecraft:coal_ore","oreClusterSpawnRate":32,"oreClusterDimensionId":"minecraft:overworld","biomeWhitelist":[],"biomeBlacklist":[],"oreClusterVolume":"8x8x8","oreClusterDensity":0.4,"oreClusterShape":"SPHERE","oreClusterMaxYLevelSpawn":64,"oreClusterMinYLevelSpawn":-64000,"minChunksBetweenOreClusters":0,"oreVeinModifier":1.0,"oreClusterNonReplaceableBlocks":"minecraft:dirt, minecraft:grass_block, minecraft:bedrock, minecraft:end_portal_frame, minecraft:air","oreClusterReplaceableEmptyBlocks":"minecraft:stone, minecraft:stone, minecraft:air","oreClusterDoesRegenerate":false}


[15:30:35] [Server thread/INFO] (LoggerBase) [HB's Ore Clusters and Regen] ( 004014 ): OreClusterConfigModel for Block{minecraft:deepslate_diamond_ore} has been created with the following properties: 
{"oreClusterType":"minecraft:deepslate_diamond_ore","oreClusterSpawnRate":2,"oreClusterDimensionId":"minecraft:overworld","biomeWhitelist":[],"biomeBlacklist":[],"oreClusterVolume":"5x4x5","oreClusterDensity":0.32,"oreClusterShape":"any","oreClusterMaxYLevelSpawn":-16,"oreClusterMinYLevelSpawn":-56,"minChunksBetweenOreClusters":0,"oreVeinModifier":1.0,"oreClusterNonReplaceableBlocks":"minecraft:bedrock, minecraft:end_portal_frame","oreClusterReplaceableEmptyBlocks":"minecraft:deepslate","oreClusterDoesRegenerate":true}


[15:30:35] [Server thread/INFO] (LoggerBase) [HB's Ore Clusters and Regen] ( 004014 ): OreClusterConfigModel for Block{minecraft:deepslate_lapis_ore} has been created with the following properties: 
{"oreClusterType":"minecraft:deepslate_lapis_ore","oreClusterSpawnRate":10,"oreClusterDimensionId":"minecraft:overworld","biomeWhitelist":[],"biomeBlacklist":[],"oreClusterVolume":"4x6x4","oreClusterDensity":0.1,"oreClusterShape":"SPHERE","oreClusterMaxYLevelSpawn":0,"oreClusterMinYLevelSpawn":-56,"minChunksBetweenOreClusters":0,"oreVeinModifier":1.0,"oreClusterNonReplaceableBlocks":"minecraft:bedrock, minecraft:end_portal_frame, minecraft:air","oreClusterReplaceableEmptyBlocks":"minecraft:deepslate_redstone_ore, minecraft:deepslate_diamond_ore, minecraft:deepslate_emerald_ore, minecraft:deepslate, minecraft:deepslate, minecraft:deepslate, minecraft:deepslate, minecraft:deepslate, minecraft:deepslate","oreClusterDoesRegenerate":false}


[15:30:35] [Server thread/INFO] (LoggerBase) [HB's Ore Clusters and Regen] ( 004014 ): OreClusterConfigModel for Block{minecraft:iron_ore} has been created with the following properties: 
{"oreClusterType":"minecraft:iron_ore","oreClusterSpawnRate":8,"oreClusterDimensionId":"minecraft:overworld","biomeWhitelist":["minecraft:forest","minecraft:sunflower_plains","minecraft:taiga","minecraft:wooded_mountains","minecraft:birch_forest","minecraft:flower_forest","minecraft:old_growth_birch_forest","minecraft:snowy_taiga","minecraft:plains","minecraft:dark_forest","minecraft:old_growth_pine_taiga","minecraft:old_growth_spruce_taiga","minecraft:wooded_hills","minecraft:snowy_tundra","minecraft:snowy_mountains"],"biomeBlacklist":[],"oreClusterVolume":"16x12x16","oreClusterDensity":0.25,"oreClusterShape":"any","oreClusterMaxYLevelSpawn":64,"oreClusterMinYLevelSpawn":-64000,"minChunksBetweenOreClusters":0,"oreVeinModifier":1.0,"oreClusterNonReplaceableBlocks":"minecraft:dirt, minecraft:grass_block, minecraft:bedrock, minecraft:end_portal_frame","oreClusterReplaceableEmptyBlocks":"hbs_foundation:empty_block","oreClusterDoesRegenerate":true}


[15:30:35] [Server thread/INFO] (LoggerBase) [HB's Ore Clusters and Regen] ( 004014 ): OreClusterConfigModel for Block{minecraft:coal_ore} has been created with the following properties: 
{"oreClusterType":"minecraft:coal_ore","oreClusterSpawnRate":32,"oreClusterDimensionId":"minecraft:overworld","biomeWhitelist":[],"biomeBlacklist":[],"oreClusterVolume":"8x8x8","oreClusterDensity":0.4,"oreClusterShape":"SPHERE","oreClusterMaxYLevelSpawn":64,"oreClusterMinYLevelSpawn":-64000,"minChunksBetweenOreClusters":0,"oreVeinModifier":1.0,"oreClusterNonReplaceableBlocks":"minecraft:dirt, minecraft:grass_block, minecraft:bedrock, minecraft:end_portal_frame, minecraft:air","oreClusterReplaceableEmptyBlocks":"minecraft:stone, minecraft:stone, minecraft:air","oreClusterDoesRegenerate":false}


[15:30:35] [Server thread/INFO] (LoggerBase) [HB's Ore Clusters and Regen] ( 004014 ): OreClusterConfigModel for Block{minecraft:deepslate_diamond_ore} has been created with the following properties: 
{"oreClusterType":"minecraft:deepslate_diamond_ore","oreClusterSpawnRate":2,"oreClusterDimensionId":"minecraft:overworld","biomeWhitelist":[],"biomeBlacklist":[],"oreClusterVolume":"5x4x5","oreClusterDensity":0.32,"oreClusterShape":"any","oreClusterMaxYLevelSpawn":-16,"oreClusterMinYLevelSpawn":-56,"minChunksBetweenOreClusters":0,"oreVeinModifier":1.0,"oreClusterNonReplaceableBlocks":"minecraft:bedrock, minecraft:end_portal_frame","oreClusterReplaceableEmptyBlocks":"minecraft:deepslate","oreClusterDoesRegenerate":true}


[15:30:35] [Server thread/INFO] (LoggerBase) [HB's Ore Clusters and Regen] ( 004014 ): OreClusterConfigModel for Block{minecraft:deepslate_lapis_ore} has been created with the following properties: 
{"oreClusterType":"minecraft:deepslate_lapis_ore","oreClusterSpawnRate":10,"oreClusterDimensionId":"minecraft:overworld","biomeWhitelist":[],"biomeBlacklist":[],"oreClusterVolume":"4x6x4","oreClusterDensity":0.1,"oreClusterShape":"SPHERE","oreClusterMaxYLevelSpawn":0,"oreClusterMinYLevelSpawn":-56,"minChunksBetweenOreClusters":0,"oreVeinModifier":1.0,"oreClusterNonReplaceableBlocks":"minecraft:bedrock, minecraft:end_portal_frame, minecraft:air","oreClusterReplaceableEmptyBlocks":"minecraft:deepslate_redstone_ore, minecraft:deepslate_diamond_ore, minecraft:deepslate_emerald_ore, minecraft:deepslate, minecraft:deepslate, minecraft:deepslate, minecraft:deepslate, minecraft:deepslate, minecraft:deepslate","oreClusterDoesRegenerate":false}


[15:30:35] [Server thread/INFO] (Minecraft) Starting minecraft server version 1.21.1
[15:30:35] [Server thread/INFO] (Minecraft) Loading properties
[15:30:35] [Server thread/INFO] (Minecraft) Default game type: SURVIVAL
[15:30:35] [Server thread/INFO] (Minecraft) Generating keypair
[15:30:35] [Server thread/INFO] (Minecraft) Starting Minecraft server on *:25565
[15:30:35] [Server thread/INFO] (Minecraft) Using default channel type
[15:30:35] [Server thread/INFO] (Minecraft) Preparing level "world"
[15:30:38] [Server thread/INFO] (Minecraft) Preparing start region for dimension minecraft:overworld
[15:30:39] [Server thread/ERROR] (Minecraft) Error executing task on Chunk source main thread executor for minecraft:overworld
net.minecraft.ReportedException: Exception generating new chunk
	at knot/net.minecraft.server.level.ChunkMap.method_60445(ChunkMap.java:647) ~[minecraft-merged-8bc85877dd-1.21.1-loom.mappings.1_21_1.layered+hash.1010942874-v2.jar:?]
	at knot/net.minecraft.util.thread.BlockableEventLoop.doRunTask(BlockableEventLoop.java:162) ~[minecraft-merged-8bc85877dd-1.21.1-loom.mappings.1_21_1.layered+hash.1010942874-v2.jar:?]
	at knot/net.minecraft.server.level.ServerChunkCache$MainThreadExecutor.doRunTask(ServerChunkCache.java:552) ~[minecraft-merged-8bc85877dd-1.21.1-loom.mappings.1_21_1.layered+hash.1010942874-v2.jar:?]
	at knot/net.minecraft.util.thread.BlockableEventLoop.pollTask(BlockableEventLoop.java:136) ~[minecraft-merged-8bc85877dd-1.21.1-loom.mappings.1_21_1.layered+hash.1010942874-v2.jar:?]
	at knot/net.minecraft.server.level.ServerChunkCache$MainThreadExecutor.pollTask(ServerChunkCache.java:561) ~[minecraft-merged-8bc85877dd-1.21.1-loom.mappings.1_21_1.layered+hash.1010942874-v2.jar:?]
	at knot/net.minecraft.server.level.ServerChunkCache.pollTask(ServerChunkCache.java:263) ~[minecraft-merged-8bc85877dd-1.21.1-loom.mappings.1_21_1.layered+hash.1010942874-v2.jar:?]
	at knot/net.minecraft.server.MinecraftServer.pollTaskInternal(MinecraftServer.java:852) ~[minecraft-merged-8bc85877dd-1.21.1-loom.mappings.1_21_1.layered+hash.1010942874-v2.jar:?]
	at knot/net.minecraft.server.MinecraftServer.pollTask(MinecraftServer.java:840) ~[minecraft-merged-8bc85877dd-1.21.1-loom.mappings.1_21_1.layered+hash.1010942874-v2.jar:?]
	at knot/net.minecraft.util.thread.BlockableEventLoop.managedBlock(BlockableEventLoop.java:145) ~[minecraft-merged-8bc85877dd-1.21.1-loom.mappings.1_21_1.layered+hash.1010942874-v2.jar:?]
	at knot/net.minecraft.server.MinecraftServer.managedBlock(MinecraftServer.java:810) ~[minecraft-merged-8bc85877dd-1.21.1-loom.mappings.1_21_1.layered+hash.1010942874-v2.jar:?]
	at knot/net.minecraft.server.MinecraftServer.waitUntilNextTick(MinecraftServer.java:815) ~[minecraft-merged-8bc85877dd-1.21.1-loom.mappings.1_21_1.layered+hash.1010942874-v2.jar:?]
	at knot/net.minecraft.server.MinecraftServer.prepareLevels(MinecraftServer.java:508) ~[minecraft-merged-8bc85877dd-1.21.1-loom.mappings.1_21_1.layered+hash.1010942874-v2.jar:?]
	at knot/net.minecraft.server.MinecraftServer.loadLevel(MinecraftServer.java:345) ~[minecraft-merged-8bc85877dd-1.21.1-loom.mappings.1_21_1.layered+hash.1010942874-v2.jar:?]
	at knot/net.minecraft.server.dedicated.DedicatedServer.initServer(DedicatedServer.java:185) ~[minecraft-merged-8bc85877dd-1.21.1-loom.mappings.1_21_1.layered+hash.1010942874-v2.jar:?]
	at knot/net.minecraft.server.MinecraftServer.runServer(MinecraftServer.java:664) ~[minecraft-merged-8bc85877dd-1.21.1-loom.mappings.1_21_1.layered+hash.1010942874-v2.jar:?]
	at knot/net.minecraft.server.MinecraftServer.method_29739(MinecraftServer.java:281) ~[minecraft-merged-8bc85877dd-1.21.1-loom.mappings.1_21_1.layered+hash.1010942874-v2.jar:?]
	at java.base/java.lang.Thread.run(Thread.java:1583) [?:?]
Caused by: java.lang.RuntimeException: Mixin transformation of net.minecraft.locale.Language failed
	at net.fabricmc.loader.impl.launch.knot.KnotClassDelegate.getPostMixinClassByteArray(KnotClassDelegate.java:440) ~[fabric-loader-0.17.3.jar:?]
	at net.fabricmc.loader.impl.launch.knot.KnotClassDelegate.tryLoadClass(KnotClassDelegate.java:336) ~[fabric-loader-0.17.3.jar:?]
	at net.fabricmc.loader.impl.launch.knot.KnotClassDelegate.loadClass(KnotClassDelegate.java:231) ~[fabric-loader-0.17.3.jar:?]
	at net.fabricmc.loader.impl.launch.knot.KnotClassLoader.loadClass(KnotClassLoader.java:119) ~[fabric-loader-0.17.3.jar:?]
	at java.base/java.lang.ClassLoader.loadClass(ClassLoader.java:526) ~[?:?]
	at knot/net.minecraft.network.chat.contents.TranslatableContents.decompose(TranslatableContents.java:101) ~[minecraft-merged-8bc85877dd-1.21.1-loom.mappings.1_21_1.layered+hash.1010942874-v2.jar:?]
	at knot/net.minecraft.network.chat.contents.TranslatableContents.visit(TranslatableContents.java:196) ~[minecraft-merged-8bc85877dd-1.21.1-loom.mappings.1_21_1.layered+hash.1010942874-v2.jar:?]
	at knot/net.minecraft.network.chat.Component.visit(Component.java:114) ~[minecraft-merged-8bc85877dd-1.21.1-loom.mappings.1_21_1.layered+hash.1010942874-v2.jar:?]
	at knot/net.minecraft.network.chat.FormattedText.getString(FormattedText.java:91) ~[minecraft-merged-8bc85877dd-1.21.1-loom.mappings.1_21_1.layered+hash.1010942874-v2.jar:?]
	at knot/net.minecraft.network.chat.Component.getString(Component.java:45) ~[minecraft-merged-8bc85877dd-1.21.1-loom.mappings.1_21_1.layered+hash.1010942874-v2.jar:?]
	at knot/net.minecraft.server.level.progress.LoggerChunkProgressListener.onStatusChange(LoggerChunkProgressListener.java:56) ~[minecraft-merged-8bc85877dd-1.21.1-loom.mappings.1_21_1.layered+hash.1010942874-v2.jar:?]
	at knot/net.minecraft.server.level.ChunkMap.applyStep(ChunkMap.java:633) ~[minecraft-merged-8bc85877dd-1.21.1-loom.mappings.1_21_1.layered+hash.1010942874-v2.jar:?]
	at knot/net.minecraft.server.level.GenerationChunkHolder.applyStep(GenerationChunkHolder.java:96) ~[minecraft-merged-8bc85877dd-1.21.1-loom.mappings.1_21_1.layered+hash.1010942874-v2.jar:?]
	at knot/net.minecraft.server.level.ChunkGenerationTask.scheduleChunkInLayer(ChunkGenerationTask.java:143) ~[minecraft-merged-8bc85877dd-1.21.1-loom.mappings.1_21_1.layered+hash.1010942874-v2.jar:?]
	at knot/net.minecraft.server.level.ChunkGenerationTask.scheduleLayer(ChunkGenerationTask.java:121) ~[minecraft-merged-8bc85877dd-1.21.1-loom.mappings.1_21_1.layered+hash.1010942874-v2.jar:?]
	at knot/net.minecraft.server.level.ChunkGenerationTask.scheduleNextLayer(ChunkGenerationTask.java:74) ~[minecraft-merged-8bc85877dd-1.21.1-loom.mappings.1_21_1.layered+hash.1010942874-v2.jar:?]
	at knot/net.minecraft.server.level.ChunkGenerationTask.runUntilWait(ChunkGenerationTask.java:59) ~[minecraft-merged-8bc85877dd-1.21.1-loom.mappings.1_21_1.layered+hash.1010942874-v2.jar:?]
	at knot/net.minecraft.server.level.ChunkMap.method_60446(ChunkMap.java:665) ~[minecraft-merged-8bc85877dd-1.21.1-loom.mappings.1_21_1.layered+hash.1010942874-v2.jar:?]
	at knot/net.minecraft.server.level.ChunkTaskPriorityQueueSorter.method_17634(ChunkTaskPriorityQueueSorter.java:62) ~[minecraft-merged-8bc85877dd-1.21.1-loom.mappings.1_21_1.layered+hash.1010942874-v2.jar:?]
	at knot/net.minecraft.util.thread.ProcessorMailbox.pollTask(ProcessorMailbox.java:91) ~[minecraft-merged-8bc85877dd-1.21.1-loom.mappings.1_21_1.layered+hash.1010942874-v2.jar:?]
	at knot/net.minecraft.util.thread.ProcessorMailbox.pollUntil(ProcessorMailbox.java:146) ~[minecraft-merged-8bc85877dd-1.21.1-loom.mappings.1_21_1.layered+hash.1010942874-v2.jar:?]
	at knot/net.minecraft.util.thread.ProcessorMailbox.run(ProcessorMailbox.java:102) ~[minecraft-merged-8bc85877dd-1.21.1-loom.mappings.1_21_1.layered+hash.1010942874-v2.jar:?]
	at java.base/java.util.concurrent.ForkJoinTask$RunnableExecuteAction.exec(ForkJoinTask.java:1423) ~[?:?]
	at java.base/java.util.concurrent.ForkJoinTask.doExec(ForkJoinTask.java:387) ~[?:?]
	at java.base/java.util.concurrent.ForkJoinPool$WorkQueue.topLevelExec(ForkJoinPool.java:1312) ~[?:?]
	at java.base/java.util.concurrent.ForkJoinPool.scan(ForkJoinPool.java:1843) ~[?:?]
	at java.base/java.util.concurrent.ForkJoinPool.runWorker(ForkJoinPool.java:1808) ~[?:?]
	at java.base/java.util.concurrent.ForkJoinWorkerThread.run(ForkJoinWorkerThread.java:188) ~[?:?]
Caused by: org.spongepowered.asm.mixin.transformer.throwables.MixinTransformerError: An unexpected critical error was encountered
	at org.spongepowered.asm.mixin.transformer.MixinProcessor.applyMixins(MixinProcessor.java:381) ~[sponge-mixin-0.16.5+mixin.0.8.7.jar:0.16.5+mixin.0.8.7]
	at org.spongepowered.asm.mixin.transformer.MixinTransformer.transformClass(MixinTransformer.java:237) ~[sponge-mixin-0.16.5+mixin.0.8.7.jar:0.16.5+mixin.0.8.7]
	at org.spongepowered.asm.mixin.transformer.MixinTransformer.transformClassBytes(MixinTransformer.java:202) ~[sponge-mixin-0.16.5+mixin.0.8.7.jar:0.16.5+mixin.0.8.7]
	at net.fabricmc.loader.impl.launch.knot.KnotClassDelegate.getPostMixinClassByteArray(KnotClassDelegate.java:435) ~[fabric-loader-0.17.3.jar:?]
	at net.fabricmc.loader.impl.launch.knot.KnotClassDelegate.tryLoadClass(KnotClassDelegate.java:336) ~[fabric-loader-0.17.3.jar:?]
	at net.fabricmc.loader.impl.launch.knot.KnotClassDelegate.loadClass(KnotClassDelegate.java:231) ~[fabric-loader-0.17.3.jar:?]
	at net.fabricmc.loader.impl.launch.knot.KnotClassLoader.loadClass(KnotClassLoader.java:119) ~[fabric-loader-0.17.3.jar:?]
	at java.base/java.lang.ClassLoader.loadClass(ClassLoader.java:526) ~[?:?]
	at knot/net.minecraft.network.chat.contents.TranslatableContents.decompose(TranslatableContents.java:101) ~[minecraft-merged-8bc85877dd-1.21.1-loom.mappings.1_21_1.layered+hash.1010942874-v2.jar:?]
	at knot/net.minecraft.network.chat.contents.TranslatableContents.visit(TranslatableContents.java:196) ~[minecraft-merged-8bc85877dd-1.21.1-loom.mappings.1_21_1.layered+hash.1010942874-v2.jar:?]
	at knot/net.minecraft.network.chat.Component.visit(Component.java:114) ~[minecraft-merged-8bc85877dd-1.21.1-loom.mappings.1_21_1.layered+hash.1010942874-v2.jar:?]
	at knot/net.minecraft.network.chat.FormattedText.getString(FormattedText.java:91) ~[minecraft-merged-8bc85877dd-1.21.1-loom.mappings.1_21_1.layered+hash.1010942874-v2.jar:?]
	at knot/net.minecraft.network.chat.Component.getString(Component.java:45) ~[minecraft-merged-8bc85877dd-1.21.1-loom.mappings.1_21_1.layered+hash.1010942874-v2.jar:?]
	at knot/net.minecraft.server.level.progress.LoggerChunkProgressListener.onStatusChange(LoggerChunkProgressListener.java:56) ~[minecraft-merged-8bc85877dd-1.21.1-loom.mappings.1_21_1.layered+hash.1010942874-v2.jar:?]
	at knot/net.minecraft.server.level.ChunkMap.applyStep(ChunkMap.java:633) ~[minecraft-merged-8bc85877dd-1.21.1-loom.mappings.1_21_1.layered+hash.1010942874-v2.jar:?]
	at knot/net.minecraft.server.level.GenerationChunkHolder.applyStep(GenerationChunkHolder.java:96) ~[minecraft-merged-8bc85877dd-1.21.1-loom.mappings.1_21_1.layered+hash.1010942874-v2.jar:?]
	at knot/net.minecraft.server.level.ChunkGenerationTask.scheduleChunkInLayer(ChunkGenerationTask.java:143) ~[minecraft-merged-8bc85877dd-1.21.1-loom.mappings.1_21_1.layered+hash.1010942874-v2.jar:?]
	at knot/net.minecraft.server.level.ChunkGenerationTask.scheduleLayer(ChunkGenerationTask.java:121) ~[minecraft-merged-8bc85877dd-1.21.1-loom.mappings.1_21_1.layered+hash.1010942874-v2.jar:?]
	at knot/net.minecraft.server.level.ChunkGenerationTask.scheduleNextLayer(ChunkGenerationTask.java:74) ~[minecraft-merged-8bc85877dd-1.21.1-loom.mappings.1_21_1.layered+hash.1010942874-v2.jar:?]
	at knot/net.minecraft.server.level.ChunkGenerationTask.runUntilWait(ChunkGenerationTask.java:59) ~[minecraft-merged-8bc85877dd-1.21.1-loom.mappings.1_21_1.layered+hash.1010942874-v2.jar:?]
	at knot/net.minecraft.server.level.ChunkMap.method_60446(ChunkMap.java:665) ~[minecraft-merged-8bc85877dd-1.21.1-loom.mappings.1_21_1.layered+hash.1010942874-v2.jar:?]
	at knot/net.minecraft.server.level.ChunkTaskPriorityQueueSorter.method_17634(ChunkTaskPriorityQueueSorter.java:62) ~[minecraft-merged-8bc85877dd-1.21.1-loom.mappings.1_21_1.layered+hash.1010942874-v2.jar:?]
	at knot/net.minecraft.util.thread.ProcessorMailbox.pollTask(ProcessorMailbox.java:91) ~[minecraft-merged-8bc85877dd-1.21.1-loom.mappings.1_21_1.layered+hash.1010942874-v2.jar:?]
	at knot/net.minecraft.util.thread.ProcessorMailbox.pollUntil(ProcessorMailbox.java:146) ~[minecraft-merged-8bc85877dd-1.21.1-loom.mappings.1_21_1.layered+hash.1010942874-v2.jar:?]
	at knot/net.minecraft.util.thread.ProcessorMailbox.run(ProcessorMailbox.java:102) ~[minecraft-merged-8bc85877dd-1.21.1-loom.mappings.1_21_1.layered+hash.1010942874-v2.jar:?]
	at java.base/java.util.concurrent.ForkJoinTask$RunnableExecuteAction.exec(ForkJoinTask.java:1423) ~[?:?]
	at java.base/java.util.concurrent.ForkJoinTask.doExec(ForkJoinTask.java:387) ~[?:?]
	at java.base/java.util.concurrent.ForkJoinPool$WorkQueue.topLevelExec(ForkJoinPool.java:1312) ~[?:?]
	at java.base/java.util.concurrent.ForkJoinPool.scan(ForkJoinPool.java:1843) ~[?:?]
	at java.base/java.util.concurrent.ForkJoinPool.runWorker(ForkJoinPool.java:1808) ~[?:?]
	at java.base/java.util.concurrent.ForkJoinWorkerThread.run(ForkJoinWorkerThread.java:188) ~[?:?]
Caused by: org.spongepowered.asm.mixin.injection.throwables.InjectionError: Critical injection failure: Redirector create(Ljava/util/Map;)Ljava/util/Map; in fabric-resource-loader-v0.mixins.json:server.LanguageMixin from mod fabric-resource-loader-v0 failed injection check, (0/1) succeeded. Scanned 0 target(s). Using refmap fabric-resource-loader-v0-refmap.json
	at org.spongepowered.asm.mixin.injection.struct.InjectionInfo.postInject(InjectionInfo.java:531) ~[sponge-mixin-0.16.5+mixin.0.8.7.jar:0.16.5+mixin.0.8.7]
	at org.spongepowered.asm.mixin.transformer.MixinTargetContext.applyInjections(MixinTargetContext.java:1490) ~[sponge-mixin-0.16.5+mixin.0.8.7.jar:0.16.5+mixin.0.8.7]
	at org.spongepowered.asm.mixin.transformer.MixinApplicatorStandard.applyInjections(MixinApplicatorStandard.java:752) ~[sponge-mixin-0.16.5+mixin.0.8.7.jar:0.16.5+mixin.0.8.7]
	at org.spongepowered.asm.mixin.transformer.MixinApplicatorStandard.applyMixin(MixinApplicatorStandard.java:330) ~[sponge-mixin-0.16.5+mixin.0.8.7.jar:0.16.5+mixin.0.8.7]
	at org.spongepowered.asm.mixin.transformer.MixinApplicatorStandard.apply(MixinApplicatorStandard.java:246) ~[sponge-mixin-0.16.5+mixin.0.8.7.jar:0.16.5+mixin.0.8.7]
	at org.spongepowered.asm.mixin.transformer.TargetClassContext.apply(TargetClassContext.java:437) ~[sponge-mixin-0.16.5+mixin.0.8.7.jar:0.16.5+mixin.0.8.7]
	at org.spongepowered.asm.mixin.transformer.TargetClassContext.applyMixins(TargetClassContext.java:418) ~[sponge-mixin-0.16.5+mixin.0.8.7.jar:0.16.5+mixin.0.8.7]
	at org.spongepowered.asm.mixin.transformer.MixinProcessor.applyMixins(MixinProcessor.java:352) ~[sponge-mixin-0.16.5+mixin.0.8.7.jar:0.16.5+mixin.0.8.7]
	at org.spongepowered.asm.mixin.transformer.MixinTransformer.transformClass(MixinTransformer.java:237) ~[sponge-mixin-0.16.5+mixin.0.8.7.jar:0.16.5+mixin.0.8.7]
	at org.spongepowered.asm.mixin.transformer.MixinTransformer.transformClassBytes(MixinTransformer.java:202) ~[sponge-mixin-0.16.5+mixin.0.8.7.jar:0.16.5+mixin.0.8.7]
	at net.fabricmc.loader.impl.launch.knot.KnotClassDelegate.getPostMixinClassByteArray(KnotClassDelegate.java:435) ~[fabric-loader-0.17.3.jar:?]
	at net.fabricmc.loader.impl.launch.knot.KnotClassDelegate.tryLoadClass(KnotClassDelegate.java:336) ~[fabric-loader-0.17.3.jar:?]
	at net.fabricmc.loader.impl.launch.knot.KnotClassDelegate.loadClass(KnotClassDelegate.java:231) ~[fabric-loader-0.17.3.jar:?]
	at net.fabricmc.loader.impl.launch.knot.KnotClassLoader.loadClass(KnotClassLoader.java:119) ~[fabric-loader-0.17.3.jar:?]
	at java.base/java.lang.ClassLoader.loadClass(ClassLoader.java:526) ~[?:?]
	at knot/net.minecraft.network.chat.contents.TranslatableContents.decompose(TranslatableContents.java:101) ~[minecraft-merged-8bc85877dd-1.21.1-loom.mappings.1_21_1.layered+hash.1010942874-v2.jar:?]
	at knot/net.minecraft.network.chat.contents.TranslatableContents.visit(TranslatableContents.java:196) ~[minecraft-merged-8bc85877dd-1.21.1-loom.mappings.1_21_1.layered+hash.1010942874-v2.jar:?]
	at knot/net.minecraft.network.chat.Component.visit(Component.java:114) ~[minecraft-merged-8bc85877dd-1.21.1-loom.mappings.1_21_1.layered+hash.1010942874-v2.jar:?]
	at knot/net.minecraft.network.chat.FormattedText.getString(FormattedText.java:91) ~[minecraft-merged-8bc85877dd-1.21.1-loom.mappings.1_21_1.layered+hash.1010942874-v2.jar:?]
	at knot/net.minecraft.network.chat.Component.getString(Component.java:45) ~[minecraft-merged-8bc85877dd-1.21.1-loom.mappings.1_21_1.layered+hash.1010942874-v2.jar:?]
	at knot/net.minecraft.server.level.progress.LoggerChunkProgressListener.onStatusChange(LoggerChunkProgressListener.java:56) ~[minecraft-merged-8bc85877dd-1.21.1-loom.mappings.1_21_1.layered+hash.1010942874-v2.jar:?]
	at knot/net.minecraft.server.level.ChunkMap.applyStep(ChunkMap.java:633) ~[minecraft-merged-8bc85877dd-1.21.1-loom.mappings.1_21_1.layered+hash.1010942874-v2.jar:?]
	at knot/net.minecraft.server.level.GenerationChunkHolder.applyStep(GenerationChunkHolder.java:96) ~[minecraft-merged-8bc85877dd-1.21.1-loom.mappings.1_21_1.layered+hash.1010942874-v2.jar:?]
	at knot/net.minecraft.server.level.ChunkGenerationTask.scheduleChunkInLayer(ChunkGenerationTask.java:143) ~[minecraft-merged-8bc85877dd-1.21.1-loom.mappings.1_21_1.layered+hash.1010942874-v2.jar:?]
	at knot/net.minecraft.server.level.ChunkGenerationTask.scheduleLayer(ChunkGenerationTask.java:121) ~[minecraft-merged-8bc85877dd-1.21.1-loom.mappings.1_21_1.layered+hash.1010942874-v2.jar:?]
	at knot/net.minecraft.server.level.ChunkGenerationTask.scheduleNextLayer(ChunkGenerationTask.java:74) ~[minecraft-merged-8bc85877dd-1.21.1-loom.mappings.1_21_1.layered+hash.1010942874-v2.jar:?]
	at knot/net.minecraft.server.level.ChunkGenerationTask.runUntilWait(ChunkGenerationTask.java:59) ~[minecraft-merged-8bc85877dd-1.21.1-loom.mappings.1_21_1.layered+hash.1010942874-v2.jar:?]
	at knot/net.minecraft.server.level.ChunkMap.method_60446(ChunkMap.java:665) ~[minecraft-merged-8bc85877dd-1.21.1-loom.mappings.1_21_1.layered+hash.1010942874-v2.jar:?]
	at knot/net.minecraft.server.level.ChunkTaskPriorityQueueSorter.method_17634(ChunkTaskPriorityQueueSorter.java:62) ~[minecraft-merged-8bc85877dd-1.21.1-loom.mappings.1_21_1.layered+hash.1010942874-v2.jar:?]
	at knot/net.minecraft.util.thread.ProcessorMailbox.pollTask(ProcessorMailbox.java:91) ~[minecraft-merged-8bc85877dd-1.21.1-loom.mappings.1_21_1.layered+hash.1010942874-v2.jar:?]
	at knot/net.minecraft.util.thread.ProcessorMailbox.pollUntil(ProcessorMailbox.java:146) ~[minecraft-merged-8bc85877dd-1.21.1-loom.mappings.1_21_1.layered+hash.1010942874-v2.jar:?]
	at knot/net.minecraft.util.thread.ProcessorMailbox.run(ProcessorMailbox.java:102) ~[minecraft-merged-8bc85877dd-1.21.1-loom.mappings.1_21_1.layered+hash.1010942874-v2.jar:?]
	at java.base/java.util.concurrent.ForkJoinTask$RunnableExecuteAction.exec(ForkJoinTask.java:1423) ~[?:?]
	at java.base/java.util.concurrent.ForkJoinTask.doExec(ForkJoinTask.java:387) ~[?:?]
	at java.base/java.util.concurrent.ForkJoinPool$WorkQueue.topLevelExec(ForkJoinPool.java:1312) ~[?:?]
	at java.base/java.util.concurrent.ForkJoinPool.scan(ForkJoinPool.java:1843) ~[?:?]
	at java.base/java.util.concurrent.ForkJoinPool.runWorker(ForkJoinPool.java:1808) ~[?:?]
	at java.base/java.util.concurrent.ForkJoinWorkerThread.run(ForkJoinWorkerThread.java:188) ~[?:?]
