[09:30:40] [main/INFO] (FabricLoader/GameProvider) Loading Minecraft 1.21.1 with Fabric Loader 0.17.3
[09:30:40] [main/INFO] (FabricLoader) Loading 57 mods:
	- balm 21.0.56
	- fabric-api 0.116.7+1.21.1
	- fabric-api-base 0.4.43+1bb677a619
	- fabric-api-lookup-api-v1 1.6.71+b559734419
	- fabric-biome-api-v1 13.0.31+d527f9fd19
	- fabric-block-api-v1 1.1.0+0bc3503219
	- fabric-block-view-api-v2 1.0.11+1bb677a619
	- fabric-blockrenderlayer-v1 1.1.52+0af3f5a719
	- fabric-client-tags-api-v1 1.1.15+6573ed8c19
	- fabric-command-api-v1 1.2.49+f71b366f19
	- fabric-command-api-v2 2.2.28+6ced4dd919
	- fabric-commands-v0 0.2.66+df3654b319
	- fabric-content-registries-v0 8.0.19+b559734419
	- fabric-convention-tags-v1 2.1.5+7f945d5b19
	- fabric-convention-tags-v2 2.11.1+a406e79519
	- fabric-crash-report-info-v1 0.2.29+0af3f5a719
	- fabric-data-attachment-api-v1 1.4.5+6116a37819
	- fabric-data-generation-api-v1 20.2.34+37516cd619
	- fabric-dimensions-v1 4.0.1+65213ef819
	- fabric-entity-events-v1 1.8.0+2b27e0a419
	- fabric-events-interaction-v0 0.7.13+ba9dae0619
	- fabric-game-rule-api-v1 1.0.53+6ced4dd919
	- fabric-gametest-api-v1 2.0.5+6fc22b9919
	- fabric-item-api-v1 11.2.0+3b3cb2e819
	- fabric-item-group-api-v1 4.1.7+def88e3a19
	- fabric-key-binding-api-v1 1.0.47+0af3f5a719
	- fabric-keybindings-v0 0.2.45+df3654b319
	- fabric-lifecycle-events-v1 2.6.0+0865547519
	- fabric-loot-api-v2 3.0.15+3f89f5a519
	- fabric-loot-api-v3 1.0.3+3f89f5a519
	- fabric-message-api-v1 6.0.14+8aaf3aca19
	- fabric-model-loading-api-v1 2.1.0+b4d813fc19
	- fabric-networking-api-v1 4.3.0+c7469b2119
	- fabric-object-builder-api-v1 15.2.1+40875a9319
	- fabric-particles-v1 4.0.2+6573ed8c19
	- fabric-recipe-api-v1 5.0.15+2475392c19
	- fabric-registry-sync-v0 5.3.1+e3eddc2119
	- fabric-renderer-api-v1 3.4.1+b4d813fc19
	- fabric-renderer-indigo 1.7.1+c705a49c19
	- fabric-renderer-registries-v1 3.2.69+df3654b319
	- fabric-rendering-data-attachment-v1 0.3.49+73761d2e19
	- fabric-rendering-fluids-v1 3.1.6+1daea21519
	- fabric-rendering-v0 1.1.72+df3654b319
	- fabric-rendering-v1 5.1.0+ab4c25a019
	- fabric-resource-conditions-api-v1 4.3.0+8dc279b119
	- fabric-resource-loader-v0 2.0.0+1bb677a619
	- fabric-screen-api-v1 2.0.25+8b68f1c719
	- fabric-screen-handler-api-v1 1.3.90+b559734419
	- fabric-sound-api-v1 1.0.23+6573ed8c19
	- fabric-transfer-api-v1 5.4.3+c24bd99419
	- fabric-transitive-access-wideners-v1 6.2.0+45b9699719
	- fabricloader 0.17.3
	- hbs_foundation 1.7.1-SNAPSHOT
	- hbs_ore_cluster_and_regen 1.4.3
	- java 21
	- minecraft 1.21.1
	- mixinextras 0.5.0
[09:30:40] [main/INFO] (FabricLoader/Mixin) SpongePowered MIXIN Subsystem Version=0.8.7 Source=file:/C:/Users/jack/.gradle/caches/modules-2/files-2.1/net.fabricmc/sponge-mixin/0.16.5+mixin.0.8.7/80fc3a9f592673cea87f4cd702f87991c6c9fe4d/sponge-mixin-0.16.5+mixin.0.8.7.jar Service=Knot/Fabric Env=CLIENT
[09:30:40] [main/INFO] (FabricLoader/Mixin) Loaded Fabric development mappings for mixin remapper!
[09:30:40] [main/INFO] (FabricLoader/Mixin) Compatibility level set to JAVA_17
[09:30:40] [main/INFO] (FabricLoader/Mixin) Compatibility level set to JAVA_21
[09:30:42] [main/INFO] (FabricLoader/MixinExtras|Service) Initializing MixinExtras via com.llamalad7.mixinextras.service.MixinExtrasServiceImpl(version=0.5.0).
[09:30:43] [Datafixer Bootstrap/INFO] (Minecraft) 226 Datafixer optimizations took 532 milliseconds
[09:30:50] [Render thread/INFO] (Minecraft) Environment: Environment[sessionHost=https://sessionserver.mojang.com, servicesHost=https://api.minecraftservices.com, name=PROD]
[09:30:50] [Render thread/INFO] (Minecraft) Setting user: Player727
[09:30:50] [Render thread/INFO] (HB's Foundation) Loaded HB's Foundation mod on Fabric! we are currently in a development environment!
[09:30:50] [Render thread/INFO] (HB's Foundation) Hello to HB's Foundation!
[09:30:50] [Render thread/INFO] (LoggerBase) [HB's Foundation] ( 010000 ): --------COM.HOLYBUCKETS.FOUNDATION.EVENT.EVENTREGISTRAR INITIALIZED --------
[09:30:50] [Render thread/INFO] (LoggerBase) [HB's Foundation] ( 000000 ): --------COM.HOLYBUCKETS.FOUNDATION.GENERALCONFIG INITIALIZED --------
[09:30:50] [Render thread/INFO] (HB's Ore Clusters and Regen) Hello to HB's Ore Clusters and Regen!
[09:30:51] [Render thread/INFO] (LoggerBase) [HB's Foundation] ( 010000 ): --------COM.HOLYBUCKETS.FOUNDATION.CLIENT.CLIENTEVENTREGISTRAR INITIALIZED --------
[09:30:51] [Render thread/INFO] (Indigo) [Indigo] Registering Indigo renderer!
[09:30:51] [Render thread/INFO] (Minecraft) Backend library: LWJGL version 3.3.3-snapshot
[09:30:52] [Render thread/INFO] (Minecraft) Reloading ResourceManager: vanilla, fabric, balm, fabric-api, fabric-api-base, fabric-api-lookup-api-v1, fabric-biome-api-v1, fabric-block-api-v1, fabric-block-view-api-v2, fabric-blockrenderlayer-v1, fabric-client-tags-api-v1, fabric-command-api-v1, fabric-command-api-v2, fabric-commands-v0, fabric-content-registries-v0, fabric-convention-tags-v1, fabric-convention-tags-v2, fabric-crash-report-info-v1, fabric-data-attachment-api-v1, fabric-data-generation-api-v1, fabric-dimensions-v1, fabric-entity-events-v1, fabric-events-interaction-v0, fabric-game-rule-api-v1, fabric-gametest-api-v1, fabric-item-api-v1, fabric-item-group-api-v1, fabric-key-binding-api-v1, fabric-keybindings-v0, fabric-lifecycle-events-v1, fabric-loot-api-v2, fabric-loot-api-v3, fabric-message-api-v1, fabric-model-loading-api-v1, fabric-networking-api-v1, fabric-object-builder-api-v1, fabric-particles-v1, fabric-recipe-api-v1, fabric-registry-sync-v0, fabric-renderer-api-v1, fabric-renderer-indigo, fabric-renderer-registries-v1, fabric-rendering-data-attachment-v1, fabric-rendering-fluids-v1, fabric-rendering-v0, fabric-rendering-v1, fabric-resource-conditions-api-v1, fabric-resource-loader-v0, fabric-screen-api-v1, fabric-screen-handler-api-v1, fabric-sound-api-v1, fabric-transfer-api-v1, fabric-transitive-access-wideners-v1, fabricloader, hbs_foundation
[09:30:53] [Worker-Main-13/INFO] (Minecraft) Found unifont_jp_patch-15.1.05.hex, loading
[09:30:53] [Worker-Main-2/INFO] (Minecraft) Found unifont_all_no_pua-15.1.05.hex, loading
[09:30:54] [Worker-Main-10/WARN] (Minecraft) Exception loading blockstate definition: 'hbs_foundation:blockstates/empty_block.json' missing model for variant: 'hbs_foundation:empty_block#'
[09:30:54] [Worker-Main-10/WARN] (Minecraft) Unable to load model: 'hbs_foundation:item/empty_block' referenced from: hbs_foundation:item/empty_block: java.io.FileNotFoundException: hbs_foundation:models/item/empty_block.json
[09:30:54] [Worker-Main-10/WARN] (Minecraft) Unable to load model: 'hbs_foundation:item/essence_cauldron' referenced from: hbs_foundation:item/essence_cauldron: java.io.FileNotFoundException: hbs_foundation:models/item/essence_cauldron.json
[09:30:54] [Render thread/WARN] (Minecraft) Missing sound for event: minecraft:item.goat_horn.play
[09:30:54] [Render thread/WARN] (Minecraft) Missing sound for event: minecraft:entity.goat.screaming.horn_break
[09:30:55] [Render thread/INFO] (Minecraft) OpenAL initialized on device OpenAL Soft on Speakers (G06-BT)
[09:30:55] [Render thread/INFO] (Minecraft) Sound engine started
[09:30:55] [Render thread/INFO] (Minecraft) Created: 1024x512x4 minecraft:textures/atlas/blocks.png-atlas
[09:30:55] [Render thread/INFO] (Minecraft) Created: 256x256x4 minecraft:textures/atlas/signs.png-atlas
[09:30:55] [Render thread/INFO] (Minecraft) Created: 512x512x4 minecraft:textures/atlas/shield_patterns.png-atlas
[09:30:55] [Render thread/INFO] (Minecraft) Created: 512x512x4 minecraft:textures/atlas/banner_patterns.png-atlas
[09:30:55] [Render thread/INFO] (Minecraft) Created: 1024x1024x4 minecraft:textures/atlas/armor_trims.png-atlas
[09:30:55] [Render thread/INFO] (Minecraft) Created: 128x64x4 minecraft:textures/atlas/decorated_pot.png-atlas
[09:30:55] [Render thread/INFO] (Minecraft) Created: 256x256x4 minecraft:textures/atlas/chest.png-atlas
[09:30:55] [Render thread/INFO] (Minecraft) Created: 512x256x4 minecraft:textures/atlas/shulker_boxes.png-atlas
[09:30:55] [Render thread/INFO] (Minecraft) Created: 512x256x4 minecraft:textures/atlas/beds.png-atlas
[09:30:55] [Render thread/INFO] (Minecraft) Created: 512x256x0 minecraft:textures/atlas/particles.png-atlas
[09:30:55] [Render thread/INFO] (Minecraft) Created: 512x256x0 minecraft:textures/atlas/paintings.png-atlas
[09:30:55] [Render thread/INFO] (Minecraft) Created: 256x128x0 minecraft:textures/atlas/mob_effects.png-atlas
[09:30:55] [Render thread/INFO] (Minecraft) Created: 64x64x0 minecraft:textures/atlas/map_decorations.png-atlas
[09:30:55] [Render thread/INFO] (Minecraft) Created: 1024x512x0 minecraft:textures/atlas/gui.png-atlas
[09:30:55] [Render thread/WARN] (Minecraft) Shader rendertype_entity_translucent_emissive could not find sampler named Sampler2 in the specified shader program.
[09:31:59] [Worker-Main-4/INFO] (LoggerBase) [HB's Foundation] ( 011001 ): Registering Commands 21
[09:31:59] [Worker-Main-4/INFO] (LoggerBase) [HB's Foundation] ( 011002 ): Finished Registering Commands 21
[09:31:59] [Worker-Main-4/INFO] (LoggerBase) [HB's Foundation] ( 011001 ): Registering Commands 21
[09:31:59] [Worker-Main-4/INFO] (LoggerBase) [HB's Foundation] ( 011002 ): Finished Registering Commands 21
[09:31:59] [Render thread/INFO] (Minecraft) Loaded 1290 recipes
[09:31:59] [Render thread/INFO] (Minecraft) Loaded 1399 advancements
[09:32:00] [Render thread/INFO] (BiomeModificationImpl) Applied 0 biome modifications to 0 of 64 new biomes in 12.93 ms
[09:32:00] [Server thread/INFO] (LoggerBase) [HB's Foundation] ( 010001 ): World Seed: -8014786636996835892
[09:32:00] [Server thread/INFO] (LoggerBase) [HB's Ore Clusters and Regen] ( 004014 ): OreClusterConfigModel for Block{hbs_foundation:empty_block} has been created with the following properties: 
{"oreClusterType":"hbs_foundation:empty_block","oreClusterSpawnRate":16,"oreClusterDimensionId":"minecraft:overworld","biomeWhitelist":[],"biomeBlacklist":[],"oreClusterVolume":"8x8x4","oreClusterDensity":1.0,"oreClusterShape":"any","oreClusterMaxYLevelSpawn":256,"oreClusterMinYLevelSpawn":-64000,"minChunksBetweenOreClusters":0,"oreVeinModifier":1.0,"oreClusterNonReplaceableBlocks":"minecraft:bedrock, minecraft:end_portal_frame","oreClusterReplaceableEmptyBlocks":"hbs_foundation:empty_block","oreClusterDoesRegenerate":true}


[09:32:00] [Server thread/INFO] (LoggerBase) [HB's Ore Clusters and Regen] ( 004014 ): OreClusterConfigModel for Block{minecraft:iron_ore} has been created with the following properties: 
{"oreClusterType":"minecraft:iron_ore","oreClusterSpawnRate":8,"oreClusterDimensionId":"minecraft:overworld","biomeWhitelist":["minecraft:forest","minecraft:sunflower_plains","minecraft:taiga","minecraft:wooded_mountains","minecraft:birch_forest","minecraft:flower_forest","minecraft:old_growth_birch_forest","minecraft:snowy_taiga","minecraft:plains","minecraft:old_growth_pine_taiga","minecraft:dark_forest","minecraft:old_growth_spruce_taiga","minecraft:snowy_tundra","minecraft:wooded_hills","minecraft:snowy_mountains"],"biomeBlacklist":[],"oreClusterVolume":"16x12x16","oreClusterDensity":0.25,"oreClusterShape":"any","oreClusterMaxYLevelSpawn":64,"oreClusterMinYLevelSpawn":-64000,"minChunksBetweenOreClusters":0,"oreVeinModifier":1.0,"oreClusterNonReplaceableBlocks":"minecraft:bedrock, minecraft:end_portal_frame, minecraft:dirt, minecraft:grass_block","oreClusterReplaceableEmptyBlocks":"hbs_foundation:empty_block","oreClusterDoesRegenerate":true}


[09:32:00] [Server thread/INFO] (LoggerBase) [HB's Ore Clusters and Regen] ( 004014 ): OreClusterConfigModel for Block{minecraft:coal_ore} has been created with the following properties: 
{"oreClusterType":"minecraft:coal_ore","oreClusterSpawnRate":32,"oreClusterDimensionId":"minecraft:overworld","biomeWhitelist":[],"biomeBlacklist":[],"oreClusterVolume":"8x8x8","oreClusterDensity":0.4,"oreClusterShape":"SPHERE","oreClusterMaxYLevelSpawn":64,"oreClusterMinYLevelSpawn":-64000,"minChunksBetweenOreClusters":0,"oreVeinModifier":1.0,"oreClusterNonReplaceableBlocks":"minecraft:bedrock, minecraft:end_portal_frame, minecraft:dirt, minecraft:air, minecraft:grass_block","oreClusterReplaceableEmptyBlocks":"minecraft:stone, minecraft:stone, minecraft:air","oreClusterDoesRegenerate":false}


[09:32:00] [Server thread/INFO] (LoggerBase) [HB's Ore Clusters and Regen] ( 004014 ): OreClusterConfigModel for Block{minecraft:deepslate_diamond_ore} has been created with the following properties: 
{"oreClusterType":"minecraft:deepslate_diamond_ore","oreClusterSpawnRate":2,"oreClusterDimensionId":"minecraft:overworld","biomeWhitelist":[],"biomeBlacklist":[],"oreClusterVolume":"5x4x5","oreClusterDensity":0.32,"oreClusterShape":"any","oreClusterMaxYLevelSpawn":-16,"oreClusterMinYLevelSpawn":-56,"minChunksBetweenOreClusters":0,"oreVeinModifier":1.0,"oreClusterNonReplaceableBlocks":"minecraft:bedrock, minecraft:end_portal_frame","oreClusterReplaceableEmptyBlocks":"minecraft:deepslate","oreClusterDoesRegenerate":true}


[09:32:00] [Server thread/INFO] (LoggerBase) [HB's Ore Clusters and Regen] ( 004014 ): OreClusterConfigModel for Block{minecraft:deepslate_lapis_ore} has been created with the following properties: 
{"oreClusterType":"minecraft:deepslate_lapis_ore","oreClusterSpawnRate":10,"oreClusterDimensionId":"minecraft:overworld","biomeWhitelist":[],"biomeBlacklist":[],"oreClusterVolume":"4x6x4","oreClusterDensity":0.1,"oreClusterShape":"SPHERE","oreClusterMaxYLevelSpawn":0,"oreClusterMinYLevelSpawn":-56,"minChunksBetweenOreClusters":0,"oreVeinModifier":1.0,"oreClusterNonReplaceableBlocks":"minecraft:bedrock, minecraft:end_portal_frame, minecraft:air","oreClusterReplaceableEmptyBlocks":"minecraft:deepslate_redstone_ore, minecraft:deepslate_diamond_ore, minecraft:deepslate_emerald_ore, minecraft:deepslate, minecraft:deepslate, minecraft:deepslate, minecraft:deepslate, minecraft:deepslate, minecraft:deepslate","oreClusterDoesRegenerate":false}


[09:32:00] [Server thread/INFO] (LoggerBase) [HB's Ore Clusters and Regen] ( 004014 ): OreClusterConfigModel for Block{minecraft:iron_ore} has been created with the following properties: 
{"oreClusterType":"minecraft:iron_ore","oreClusterSpawnRate":8,"oreClusterDimensionId":"minecraft:overworld","biomeWhitelist":["minecraft:forest","minecraft:sunflower_plains","minecraft:taiga","minecraft:wooded_mountains","minecraft:birch_forest","minecraft:flower_forest","minecraft:old_growth_birch_forest","minecraft:snowy_taiga","minecraft:plains","minecraft:old_growth_pine_taiga","minecraft:dark_forest","minecraft:old_growth_spruce_taiga","minecraft:snowy_tundra","minecraft:wooded_hills","minecraft:snowy_mountains"],"biomeBlacklist":[],"oreClusterVolume":"16x12x16","oreClusterDensity":0.25,"oreClusterShape":"any","oreClusterMaxYLevelSpawn":64,"oreClusterMinYLevelSpawn":-64000,"minChunksBetweenOreClusters":0,"oreVeinModifier":1.0,"oreClusterNonReplaceableBlocks":"minecraft:bedrock, minecraft:end_portal_frame, minecraft:dirt, minecraft:grass_block","oreClusterReplaceableEmptyBlocks":"hbs_foundation:empty_block","oreClusterDoesRegenerate":true}


[09:32:00] [Server thread/INFO] (LoggerBase) [HB's Ore Clusters and Regen] ( 004014 ): OreClusterConfigModel for Block{minecraft:coal_ore} has been created with the following properties: 
{"oreClusterType":"minecraft:coal_ore","oreClusterSpawnRate":32,"oreClusterDimensionId":"minecraft:overworld","biomeWhitelist":[],"biomeBlacklist":[],"oreClusterVolume":"8x8x8","oreClusterDensity":0.4,"oreClusterShape":"SPHERE","oreClusterMaxYLevelSpawn":64,"oreClusterMinYLevelSpawn":-64000,"minChunksBetweenOreClusters":0,"oreVeinModifier":1.0,"oreClusterNonReplaceableBlocks":"minecraft:bedrock, minecraft:end_portal_frame, minecraft:dirt, minecraft:air, minecraft:grass_block","oreClusterReplaceableEmptyBlocks":"minecraft:stone, minecraft:stone, minecraft:air","oreClusterDoesRegenerate":false}


[09:32:00] [Server thread/INFO] (LoggerBase) [HB's Ore Clusters and Regen] ( 004014 ): OreClusterConfigModel for Block{minecraft:deepslate_diamond_ore} has been created with the following properties: 
{"oreClusterType":"minecraft:deepslate_diamond_ore","oreClusterSpawnRate":2,"oreClusterDimensionId":"minecraft:overworld","biomeWhitelist":[],"biomeBlacklist":[],"oreClusterVolume":"5x4x5","oreClusterDensity":0.32,"oreClusterShape":"any","oreClusterMaxYLevelSpawn":-16,"oreClusterMinYLevelSpawn":-56,"minChunksBetweenOreClusters":0,"oreVeinModifier":1.0,"oreClusterNonReplaceableBlocks":"minecraft:bedrock, minecraft:end_portal_frame","oreClusterReplaceableEmptyBlocks":"minecraft:deepslate","oreClusterDoesRegenerate":true}


[09:32:00] [Server thread/INFO] (LoggerBase) [HB's Ore Clusters and Regen] ( 004014 ): OreClusterConfigModel for Block{minecraft:deepslate_lapis_ore} has been created with the following properties: 
{"oreClusterType":"minecraft:deepslate_lapis_ore","oreClusterSpawnRate":10,"oreClusterDimensionId":"minecraft:overworld","biomeWhitelist":[],"biomeBlacklist":[],"oreClusterVolume":"4x6x4","oreClusterDensity":0.1,"oreClusterShape":"SPHERE","oreClusterMaxYLevelSpawn":0,"oreClusterMinYLevelSpawn":-56,"minChunksBetweenOreClusters":0,"oreVeinModifier":1.0,"oreClusterNonReplaceableBlocks":"minecraft:bedrock, minecraft:end_portal_frame, minecraft:air","oreClusterReplaceableEmptyBlocks":"minecraft:deepslate_redstone_ore, minecraft:deepslate_diamond_ore, minecraft:deepslate_emerald_ore, minecraft:deepslate, minecraft:deepslate, minecraft:deepslate, minecraft:deepslate, minecraft:deepslate, minecraft:deepslate","oreClusterDoesRegenerate":false}


[09:32:00] [Server thread/INFO] (Minecraft) Starting integrated minecraft server version 1.21.1
[09:32:00] [Server thread/INFO] (Minecraft) Generating keypair
[09:32:02] [Server thread/INFO] (Minecraft) Preparing start region for dimension minecraft:overworld
[09:32:02] [Server thread/INFO] (Minecraft) Changing view distance to 12, from 10
[09:32:02] [Server thread/INFO] (Minecraft) Changing simulation distance to 12, from 0
[09:32:03] [Render thread/INFO] (Minecraft) Preparing spawn area: 0%
[09:32:03] [Render thread/INFO] (Minecraft) Preparing spawn area: 0%
[09:32:03] [Render thread/INFO] (Minecraft) Preparing spawn area: 0%
[09:32:03] [Render thread/INFO] (Minecraft) Time elapsed: 1100 ms
[09:32:03] [Server thread/WARN] (fabric-data-attachment-api-v1) Couldn't deserialize attachment hbs_foundation:managed_player, skipping. Error:
[09:32:03] [Server thread/WARN] (fabric-data-attachment-api-v1) Not an NBT tag
[09:32:03] [Server thread/INFO] (Minecraft) Player727[local:E:a9c79e20] logged in with entity id 4 at (591.6168605328169, 15.818677206497304, -310.4416985238357)
[09:32:03] [Server thread/INFO] (Minecraft) Player727 joined the game
[09:32:04] [Render thread/INFO] (Minecraft) Loaded 2 advancements
[09:32:41] [Server thread/INFO] (Minecraft) [Player727: Global regeneration triggered]
[09:32:41] [Render thread/INFO] (Minecraft) [System] [CHAT] Global regeneration triggered
[09:33:10] [Render thread/WARN] (Minecraft) Unable to play empty soundEvent: minecraft:entity.salmon.ambient
[09:33:55] [Server thread/INFO] (Minecraft) Saving and pausing game...
[09:33:55] [Server thread/INFO] (Minecraft) Saving chunks for level 'ServerLevel[w1]'/minecraft:overworld
[09:33:55] [Server thread/INFO] (Minecraft) Saving chunks for level 'ServerLevel[w1]'/minecraft:the_end
[09:33:55] [Server thread/INFO] (Minecraft) Saving chunks for level 'ServerLevel[w1]'/minecraft:the_nether
[09:33:56] [Server thread/INFO] (Minecraft) Player727 lost connection: Disconnected
[09:33:56] [Server thread/INFO] (Minecraft) Player727 left the game
[09:33:56] [Server thread/INFO] (Minecraft) Stopping singleplayer server as player logged out
[09:33:56] [Server thread/INFO] (Minecraft) Stopping server
[09:33:56] [Server thread/INFO] (Minecraft) Saving players
[09:33:56] [Server thread/INFO] (Minecraft) Saving worlds
[09:33:57] [Server thread/INFO] (Minecraft) Saving chunks for level 'ServerLevel[w1]'/minecraft:overworld
[09:33:57] [Server thread/INFO] (Minecraft) Saving chunks for level 'ServerLevel[w1]'/minecraft:the_end
[09:33:57] [Server thread/INFO] (Minecraft) Saving chunks for level 'ServerLevel[w1]'/minecraft:the_nether
[09:33:57] [Server thread/INFO] (Minecraft) ThreadedAnvilChunkStorage (w1): All chunks are saved
[09:33:57] [Server thread/INFO] (Minecraft) ThreadedAnvilChunkStorage (DIM1): All chunks are saved
[09:33:57] [Server thread/INFO] (Minecraft) ThreadedAnvilChunkStorage (DIM-1): All chunks are saved
[09:33:57] [Server thread/INFO] (Minecraft) ThreadedAnvilChunkStorage: All dimensions are saved
[09:33:59] [Render thread/INFO] (Minecraft) Stopping!
